((#:stats #hash((assertion . 0) (solver . 0)))
 (#:trace
  (("select: arity mismatch;\n the expected nu...."
    (#%app "ex-3.rkt" 16 24)
    ((select "ex-3.rkt" 16 24) (select "ex-3.rkt" 21 28))
    (&& (&& ...) ...))
   ("assert: unexpected empty list\n"
    (assert "ex-3.rkt" 8 18)
    ((select "ex-3.rkt" 17 18) (select "ex-3.rkt" 21 28))
    (&& (&& ...) ...))
   ("select: arity mismatch;\n the expected nu...."
    (#%app "ex-3.rkt" 16 24)
    ((select "ex-3.rkt" 16 24)
     (select "ex-3.rkt" 17 18)
     (select "ex-3.rkt" 21 28))
    (&& (&& ...) ...))
   ("assert: unexpected empty list\n"
    (assert "ex-3.rkt" 8 18)
    ((select "ex-3.rkt" 17 18)
     (select "ex-3.rkt" 17 18)
     (select "ex-3.rkt" 21 28))
    (&& (|| ...) ...))
   ("select: arity mismatch;\n the expected nu...."
    (#%app "ex-3.rkt" 16 24)
    ((select "ex-3.rkt" 16 24)
     (select "ex-3.rkt" 17 18)
     (select "ex-3.rkt" 17 18)
     (select "ex-3.rkt" 21 28))
    (&& (&& ...) ...))
   ("assert: unexpected empty list\n"
    (assert "ex-3.rkt" 8 18)
    ((select "ex-3.rkt" 17 18)
     (select "ex-3.rkt" 17 18)
     (select "ex-3.rkt" 17 18)
     (select "ex-3.rkt" 21 28))
    (&& (|| ...) ...))
   ("select: arity mismatch;\n the expected nu...."
    (#%app "ex-3.rkt" 16 24)
    ((select "ex-3.rkt" 16 24)
     (select "ex-3.rkt" 17 18)
     (select "ex-3.rkt" 17 18)
     (select "ex-3.rkt" 17 18)
     (select "ex-3.rkt" 21 28))
    (&& (&& ...) ...))
   ("assert: unexpected empty list\n"
    (assert "ex-3.rkt" 8 18)
    ((select "ex-3.rkt" 17 18)
     (select "ex-3.rkt" 17 18)
     (select "ex-3.rkt" 17 18)
     (select "ex-3.rkt" 17 18)
     (select "ex-3.rkt" 21 28))
    (&& (&& ...) ...))
   ("assert: both branches infeasible\n"
    (#%app "ex-3.rkt" 14 10)
    ((select "ex-3.rkt" 17 18)
     (select "ex-3.rkt" 17 18)
     (select "ex-3.rkt" 17 18)
     (select "ex-3.rkt" 21 28))
    (&& (&& ...) ...)))))
