((#:stats #hash((assertion . 0) (solver . 0))) (#:trace ()))
