((#:stats #hash((assertion . 0) (infeasible . 0) (infeasible/solver . 0)))
 (#:trace ()))
