((#:stats #hash((assertion . 0) (solver . 1))) (#:trace ()))
