((#:stats #hash((assertion . 0) (infeasible . 0) (infeasible/solver . 1)))
 (#:trace ()))
