((#:stats #hash((assertion . 0) (infeasible . 0) (infeasible/solver . 0)))
 (#:trace
  (("@add1: arity mismatch;\n the expected num...."
    (#%app "infeasible-solver.rkt" 7 2)
    ((@apply "infeasible-solver.rkt" 7 2))
    (&& (! ...) ...)))))
