((#:stats #hash((assertion . 0) (solver . 0)))
 (#:trace
  (("$*: expected real? arguments\n  arguments...."
    (#%app "ex-2.rkt" 9 5)
    ((* "ex-2.rkt" 9 5) (sum "ex-2.rkt" 13 29))
    (&& (= ...) ...)))))
