((#:stats #hash((assertion . 5) (solver . 1)))
 (#:trace
  (("select: arity mismatch;\n the expected nu...."
    (#%app "ex-3.rkt" 16 24)
    ((select "ex-3.rkt" 16 24) (select "ex-3.rkt" 21 28))
    (&& (&& ...) ...))
   ("select: arity mismatch;\n the expected nu...."
    (#%app "ex-3.rkt" 16 24)
    ((select "ex-3.rkt" 16 24)
     (select "ex-3.rkt" 17 18)
     (select "ex-3.rkt" 21 28))
    (&& (&& ...) ...))
   ("select: arity mismatch;\n the expected nu...."
    (#%app "ex-3.rkt" 16 24)
    ((select "ex-3.rkt" 16 24)
     (select "ex-3.rkt" 17 18)
     (select "ex-3.rkt" 17 18)
     (select "ex-3.rkt" 21 28))
    (&& (&& ...) ...)))))
