((#:stats #hash((assertion . 1) (solver . 0))) (#:trace ()))
