((#:stats #hash((assertion . 1) (solver . 0)))
 (#:trace
  (("application: not a procedure;\n expected ...."
    (#%app "if.rkt" 4 6)
    ((1 "if.rkt" 4 6))
    b)
   ("application: not a procedure;\n expected ...."
    (#%app "if.rkt" 5 12)
    ((1 "if.rkt" 5 12))
    (&& a ...))
   ("application: not a procedure;\n expected ...."
    (#%app "if.rkt" 5 16)
    ((2 "if.rkt" 5 16))
    (&& a ...)))))
